// Jest Snapshot v1, https://goo.gl/fbAQLP

exports[`Snapshot Testing Spacex Data Grid 1`] = `ReactWrapper {}`;
